cargo : warning: unused import: `put`
At line:1 char:1
+ cargo test --test cucumber_runner > test_output.txt 2>&1; type test_o ...
+ ~~~~~~~~~~~~~~~~~~~~~~~~~~~~~~~~~~~~~~~~~~~~~~~~~~~~~~~~
    + CategoryInfo          : NotSpecified: (warning: unused import: `put`:String) [], RemoteException
    + FullyQualifiedErrorId : NativeCommandError
 
 --> src\web.rs:3:34
  |
3 |     routing::{delete, get, post, put},
  |                                  ^^^
  |
  = note: `#[warn(unused_imports)]` (part of `#[warn(unused)]`) on by default

warning: `manyfold-processor` (bin "manyfold-processor") generated 1 warning (run `cargo fix --bin 
"manyfold-processor"` to apply 1 suggestion)
    Finished `test` profile [unoptimized + debuginfo] target(s) in 0.35s
     Running tests\cucumber_runner.rs (target\debug\deps\cucumber_runner-61b40bcabe4676a4.exe)
­čž¬ Running Reliability Audit (Anti-Masquerading)...
[+] ANTI-MASQUERADING AUDIT PASSED: All UI steps verified.
Feature: Image Processing
  Scenario: Processing a static image to WebP
   Ôťö  Given Processor is running
   Ôťö  And a file "test_image.jpg" is in the input directory
Ôťů File found in output: "output\\test_image.webp"
   Ôťö  When I request processing of "test_image.jpg" via API
   Ôťö  Then a file "test_image.webp" should exist in the output directory
   Ôťś  And the WebUI Timeline should show "Processed: test_image.jpg -> test_image.webp"
      Step failed:
      Defined: ?\C:\Users\Furiosa\Manyfold Processor\Manyfold-processor\tests\features\image_processing.feature:11:9
      Matched: tests\steps\then_api_steps.rs:137:1
      Step panicked. Captured output: ÔŁî Timeline did not contain entry: 'Processed: test_image.jpg -> test_image.webp'. Events found: Some([String("Incoming: test_image.jpg (Awaiting Settle)")])
  Scenario: Preserving an animated GIF
   Ôťö  Given Processor is running
   Ôťö  And a file "animated.gif" is in the input directory
Ôťů File found in output: "output\\animated.gif"
   Ôťö  When I request processing of "animated.gif" via API
   Ôťö  Then a file "animated.gif" should exist in the output directory
   Ôťś  And the WebUI Timeline should show "Processed: animated.gif -> animated.gif (Preserved Animation)"
      Step failed:
      Defined: ?\C:\Users\Furiosa\Manyfold Processor\Manyfold-processor\tests\features\image_processing.feature:18:9
      Matched: tests\steps\then_api_steps.rs:137:1
      Step panicked. Captured output: ÔŁî Timeline did not contain entry: 'Processed: animated.gif -> animated.gif (Preserved Animation)'. Events found: Some([String("Incoming: test_image.jpg (Awaiting Settle)"), String("Incoming: animated.gif (Awaiting Settle)")])
Feature: Intake Queue Management
  Scenario: Queue UI is properly labeled and aligned
   Ôťö  Given Processor is running
Ôťů System is ready (Health Check Passed)
   Ôťö  And the System is ready
   Ôťö  When I request the dashboard home page
   Ôťö  Then I should see a column "FILENAME"
   Ôťö  And I should see a column "SIZE"
  Scenario: Queue supports large number of files with scrolling
   Ôťö  Given a large dataset is copied to the input directory
   Ôťö  When I request the dashboard home page
   Ôťö  Then the Intake Queue should be scrollable
   Ôťö  And the header should remain visible
   Ôťö  And _API the input directory is cleared
  Scenario: Deleting a file from the queue
   Ôťö  Given a file "accidental_upload.stl" is in the input directory
   Ôťö  When I request deletion of "accidental_upload.stl" via API
   Ôťö  Then the file "accidental_upload.stl" should be removed from the filesystem
Current Queue Depth: 0
   Ôťö  And the queue depth should decrease by 1
  Scenario: Batch deleting all files from the queue
   Ôťö  Given several files are in the input directory:
       | filename    |
       | batch_1.stl |
       | batch_2.3mf |
       | batch_3.jpg |
   Ôťö  When I click the "Delete All" button in the queue header
   Ôťö  Then the input directory should be empty
Ôťů Queue depth matched: 0
   Ôťö  And within 5 seconds, the WebUI Queue Depth should be 0
Feature: Loose File Aggregation (Case 1)
  Scenario: Stability Settle Prevention
Ôťů Processor is online and ready
   Ôťö> Given _API Processor is running
   Ôťö> And _API the input directory is cleared
   Ôťö> And Auto-Processing is disabled
   Ôťö  When I copy "test_resources/multi_part/dragon.stl" to "/input"
   Ôťö  And I wait 1.0 seconds
   Ôťö  And I request processing of "dragon.stl" via API
   Ôťś  Then the API should return an error "File is still settling"
      Step failed:
      Defined: ?\C:\Users\Furiosa\Manyfold Processor\Manyfold-processor\tests\features\loose_file_aggregation.feature:15:9
      Matched: tests\steps\then_api_steps.rs:187:1
      Step panicked. Captured output: ÔŁî Expected API error 'File is still settling', but got 'Processing failed: No STL files found for processing'
  Scenario: Aggregation and Primary Model selection
Ôťů Processor is online and ready
   Ôťö> Given _API Processor is running
   Ôťö> And _API the input directory is cleared
   Ôťö> And Auto-Processing is disabled
   Ôťö  Given "big-model.stl" (10MB) is in the input directory
   Ôťö  And "small-accessory.stl" (1MB) is in the input directory
   Ôťö  And "small-accessory.jpg" is in the input directory
   Ôťö  When I request processing of "big-model.stl" via API
   Ôťś  Then a project folder "big-model" should be created in output
      Step failed:
      Defined: ?\C:\Users\Furiosa\Manyfold Processor\Manyfold-processor\tests\features\loose_file_aggregation.feature:23:9
      Matched: tests\steps\then_api_steps.rs:230:1
      Step panicked. Captured output: ÔŁî Project folder not found: "output\\big-model"
  Scenario: Naming Penalty Logic
Ôťů Processor is online and ready
   Ôťö> Given _API Processor is running
   Ôťö> And _API the input directory is cleared
   Ôťö> And Auto-Processing is disabled
   Ôťö  Given "v1-latest-part.stl" (500KB) is in the input directory
   Ôťö  And "base_stand.stl" (2MB) is in the input directory
   Ôťö  And "base" is in the system naming penalties
   Ôťö  When I request processing of "v1-latest-part.stl" via API
   Ôťś  Then the project folder name should be "v1-latest-part"
      Step failed:
      Defined: ?\C:\Users\Furiosa\Manyfold Processor\Manyfold-processor\tests\features\loose_file_aggregation.feature:33:9
      Matched: tests\steps\then_api_steps.rs:231:1
      Step panicked. Captured output: ÔŁî Project folder not found: "output\\v1-latest-part"
  Scenario: Intelligent Thumbnail Priority (Manual Hint)
Ôťů Processor is online and ready
   Ôťö> Given _API Processor is running
   Ôťö> And _API the input directory is cleared
   Ôťö> And Auto-Processing is disabled
   Ôťö  Given "model.stl" is in the input directory
   Ôťö  And "model.jpg" is in the input directory
   Ôťö  And "secret_thumbnail.png" is in the input directory
   Ôťö  When I request processing of "model.stl" with "secret_thumbnail.png" as the thumbnail
   Ôťö  Then "model/model_thumbnail.webp" should be created from "secret_thumbnail.png"
  Scenario: Media Preservation (Animated GIF)
Ôťů Processor is online and ready
   Ôťö> Given _API Processor is running
   Ôťö> And _API the input directory is cleared
   Ôťö> And Auto-Processing is disabled
   Ôťö  Given "model.stl" is in the input directory
   Ôťö  And "animated_instruction.gif" (multiple frames) is in the input directory
   Ôťö  When I request processing of "model.stl" via API
   Ôťś  Then "model/animated_instruction.gif" should exist in the project folder
      Step failed:
      Defined: ?\C:\Users\Furiosa\Manyfold Processor\Manyfold-processor\tests\features\loose_file_aggregation.feature:47:9
      Matched: tests\steps\then_api_steps.rs:248:1
      Step panicked. Captured output: ÔŁî File not found in project: "output\\model/animated_instruction.gif"
Feature: Loose File Upload
  Scenario: Sophia Loose Ingestion (Auto-Process OFF)
Ôťů Processor is online and ready
   Ôťö  Given _API Processor is running
   Ôťö  And _API the input directory is cleared
Copied "test_resources\\sophia\\720X720-sophia-new.jpg" to ".\\input\\720X720-sophia-new.jpg"
Copied "test_resources\\sophia\\sophia-35mm-sophia.stl" to ".\\input\\sophia-35mm-sophia.stl"
   Ôťö  And Auto-Processing is disabled
   Ôťö  When I copy "test_resources/sophia/*" to "/input"
Ôťů Queue depth matched: 2
   Ôťö  Then within 5 seconds, the WebUI Queue Depth should be 2
Ôťů Timeline verified: Incoming: sophia-35mm-sophia.stl (Awaiting Settle)
   Ôťö  And the WebUI Timeline should show "Incoming: sophia-35mm-sophia.stl (Awaiting Settle)"
Ôťů Timeline verified: Incoming: 720X720-sophia-new.jpg (Awaiting Settle)
   Ôťö  And the WebUI Timeline should show "Incoming: 720X720-sophia-new.jpg (Awaiting Settle)"
Ôťů Memory Usage: 15699 MB
   Ôťö  And System Memory Usage should be less than 50 percent
Feature: Standalone Web Dashboard
  Scenario: Dashboard is accessible on port 8080
   Ôťö  Given Processor is running
Ôťů System is ready (Health Check Passed)
   Ôťö  And the System is ready
   Ôťö  When I request the dashboard home page
   Ôťö  Then I should receive a successful visual response on port 8080
   Ôťö  When I click the "Clear Timeline" button
Ôťů Timeline is empty.
   Ôťö  Then the Timeline should be empty
[Summary]
5 features
13 scenarios (7 passed, 6 failed)
80 steps (74 passed, 6 failed)

thread 'main' (9088) panicked at 
C:\Users\Furiosa\.cargo\registry\src\index.crates.io-1949cf8c6b5b557f\cucumber-0.20.2\src\cucumber.rs:1292:13:
6 steps failed
note: run with `RUST_BACKTRACE=1` environment variable to display a backtrace
error: test failed, to rerun pass `--test cucumber_runner`
